Need to install the following packages:
vite@6.4.1
